\BOOKMARK [1][-]{section.1}{\376\377\147\072\126\150\133\146\116\140\116\055\166\204\143\137\131\061\121\375\145\160}{}% 1
\BOOKMARK [2][-]{subsection.1.1}{\376\377\126\336\137\122\116\373\122\241\143\137\131\061\121\375\145\160}{section.1}% 2
\BOOKMARK [2][-]{subsection.1.2}{\376\377\122\006\174\173\116\373\122\241\143\137\131\061\121\375\145\160}{section.1}% 3
\BOOKMARK [2][-]{subsection.1.3}{\376\377\133\371\153\324\133\146\116\140\143\137\131\061\121\375\145\160}{section.1}% 4
\BOOKMARK [1][-]{section.2}{\376\377\116\244\123\311\161\265\117\134\116\072\143\137\131\061\121\375\145\160\166\204\123\237\164\006\123\312\166\370\121\163\151\202\137\365}{}% 5
\BOOKMARK [2][-]{subsection.2.1}{\376\377\116\072\116\300\116\110\116\244\123\311\161\265\200\375\117\134\116\072\143\137\131\061\121\375\145\160}{section.2}% 6
\BOOKMARK [2][-]{subsection.2.2}{\376\377\000I\000n\000f\000o\000N\000C\000E\116\016\116\244\123\311\161\265\166\204\121\163\174\373}{section.2}% 7
\BOOKMARK [2][-]{subsection.2.3}{\376\377\000K\000L\145\143\136\246\116\016\116\244\123\311\161\265\166\204\121\163\174\373}{section.2}% 8
\BOOKMARK [1][-]{section.3}{\376\377\000P\000P\000O\173\227\154\325\213\346\211\343\123\312\121\166\127\050\131\047\152\041\127\213\124\016\213\255\176\303\116\055\166\204\136\224\165\050}{}% 9
\BOOKMARK [2][-]{subsection.3.1}{\376\377\000P\000P\000O\173\227\154\325\123\237\164\006}{section.3}% 10
\BOOKMARK [2][-]{subsection.3.2}{\376\377\116\072\116\300\116\110\131\047\152\041\127\213\124\016\213\255\176\303\220\011\142\351\000P\000P\000O}{section.3}% 11
\BOOKMARK [2][-]{subsection.3.3}{\376\377\000R\000L\000H\000F\116\055\166\204\000P\000P\000O\136\224\165\050}{section.3}% 12
\BOOKMARK [1][-]{section.4}{\376\377\131\047\152\041\127\213\124\016\213\255\176\303\116\055\166\204\131\126\122\261\152\041\127\213}{}% 13
\BOOKMARK [2][-]{subsection.4.1}{\376\377\131\126\122\261\152\041\127\213\166\204\117\134\165\050\116\016\137\305\211\201\140\047}{section.4}% 14
\BOOKMARK [2][-]{subsection.4.2}{\376\377\131\126\122\261\152\041\127\213\166\204\213\255\176\303\145\271\154\325}{section.4}% 15
\BOOKMARK [2][-]{subsection.4.3}{\376\377\131\126\122\261\152\041\127\213\116\016\120\117\131\175\133\146\116\140\166\204\213\255\176\303\145\271\137\017}{section.4}% 16
\BOOKMARK [1][-]{section.5}{\376\377\000M\000C\000P\124\214\000S\000k\000i\000l\000l\166\204\133\232\116\111\116\016\200\124\174\373}{}% 17
\BOOKMARK [1][-]{section.6}{\376\377\117\040\176\337\137\072\123\026\133\146\116\140\000A\000g\000e\000n\000t\116\016\131\047\152\041\127\213\000A\000g\000e\000n\000t\166\204\123\072\122\053}{}% 18
\BOOKMARK [2][-]{subsection.6.1}{\376\377\117\040\176\337\137\072\123\026\133\146\116\140\000A\000g\000e\000n\000t}{section.6}% 19
\BOOKMARK [2][-]{subsection.6.2}{\376\377\131\047\152\041\127\213\000A\000g\000e\000n\000t}{section.6}% 20
\BOOKMARK [2][-]{subsection.6.3}{\376\377\116\214\200\005\116\015\124\014}{section.6}% 21
\BOOKMARK [1][-]{section.7}{\376\377\000A\000I\000\040\000C\000o\000d\000i\000n\000g\166\204\000P\000l\000a\000n\152\041\137\017\116\016\000A\000g\000e\000n\000t\152\041\137\017\123\072\122\053}{}% 22
\BOOKMARK [2][-]{subsection.7.1}{\376\377\000P\000l\000a\000n\152\041\137\017}{section.7}% 23
\BOOKMARK [2][-]{subsection.7.2}{\376\377\000A\000g\000e\000n\000t\152\041\137\017}{section.7}% 24
\BOOKMARK [2][-]{subsection.7.3}{\376\377\116\044\171\315\152\041\137\017\166\204\123\072\122\053\116\016\133\236\226\105\136\224\165\050}{section.7}% 25
\BOOKMARK [1][-]{section.8}{\376\377\000V\000i\000b\000e\000\040\000C\000o\000d\000i\000n\000g\116\016\000S\000p\000e\000c\000\040\000C\000o\000d\000i\000n\000g\166\204\123\072\122\053}{}% 26
\BOOKMARK [2][-]{subsection.8.1}{\376\377\000V\000i\000b\000e\000\040\000C\000o\000d\000i\000n\000g}{section.8}% 27
\BOOKMARK [2][-]{subsection.8.2}{\376\377\000S\000p\000e\000c\000\040\000C\000o\000d\000i\000n\000g}{section.8}% 28
\BOOKMARK [2][-]{subsection.8.3}{\376\377\116\044\171\315\152\041\137\017\166\204\133\371\153\324\116\016\220\011\142\351}{section.8}% 29
\BOOKMARK [2][-]{subsection.8.4}{\376\377\227\142\213\325\127\072\146\157\116\013\166\204\140\073\176\323\210\150\217\276}{section.8}% 30
\BOOKMARK [1][-]{section.9}{\376\377\000M\000o\000E\124\214\000M\000M\000O\000E}{}% 31
\BOOKMARK [2][-]{subsection.9.1}{\376\377\155\367\124\010\116\023\133\266\152\041\127\213\377\010\000M\000i\000x\000t\000u\000r\000e\000\040\000o\000f\000\040\000E\000x\000p\000e\000r\000t\000s\377\014\000M\000o\000E\377\011}{section.9}% 32
