\BOOKMARK [1][-]{section.1}{\376\377\201\352\142\021\116\313\176\315}{}% 1
\BOOKMARK [1][-]{section.2}{\376\377\230\171\166\356\116\313\176\315\377\032\127\372\116\216\121\103\133\146\116\140\166\204\121\267\124\057\122\250\143\250\203\120\174\373\176\337}{}% 2
\BOOKMARK [1][-]{section.3}{\376\377\225\356\230\230\0001\377\032\116\072\116\300\116\110\137\072\123\026\133\146\116\140\213\376\230\230\176\304\211\201\217\154\142\225\144\034\136\177\143\250\377\037}{}% 3
\BOOKMARK [1][-]{section.4}{\376\377\225\356\230\230\0002\377\032\133\371\153\324\133\146\116\140\166\204\153\143\150\067\147\054\147\204\220\040\116\016\213\355\116\111\116\000\201\364\140\047}{}% 4
\BOOKMARK [1][-]{section.5}{\376\377\225\356\230\230\0003\377\032\121\267\124\057\122\250\146\057\000u\000s\000e\000r\000-\000i\000t\000e\000m\377\014\116\072\116\300\116\110\117\140\120\132\000i\000t\000e\000m\000-\000i\000t\000e\000m\377\037}{}% 5
\BOOKMARK [1][-]{section.6}{\376\377\225\356\230\230\0004\377\032\147\072\126\150\133\146\116\140\116\055\166\204\143\137\131\061\121\375\145\160}{}% 6
\BOOKMARK [2][-]{subsection.6.1}{\376\377\126\336\137\122\116\373\122\241\143\137\131\061\121\375\145\160}{section.6}% 7
\BOOKMARK [2][-]{subsection.6.2}{\376\377\122\006\174\173\116\373\122\241\143\137\131\061\121\375\145\160}{section.6}% 8
\BOOKMARK [2][-]{subsection.6.3}{\376\377\133\371\153\324\133\146\116\140\143\137\131\061\121\375\145\160}{section.6}% 9
\BOOKMARK [2][-]{subsection.6.4}{\376\377\121\166\116\326\143\137\131\061\121\375\145\160}{section.6}% 10
\BOOKMARK [1][-]{section.7}{\376\377\225\356\230\230\0005\377\032\116\244\123\311\161\265\117\134\116\072\143\137\131\061\121\375\145\160\166\204\123\237\164\006\123\312\166\370\121\163\151\202\137\365}{}% 11
\BOOKMARK [2][-]{subsection.7.1}{\376\377\116\072\116\300\116\110\116\244\123\311\161\265\200\375\117\134\116\072\143\137\131\061\121\375\145\160}{section.7}% 12
\BOOKMARK [2][-]{subsection.7.2}{\376\377\000I\000n\000f\000o\000N\000C\000E\116\016\116\244\123\311\161\265\166\204\121\163\174\373}{section.7}% 13
\BOOKMARK [2][-]{subsection.7.3}{\376\377\000K\000L\145\143\136\246\116\016\116\244\123\311\161\265\166\204\121\163\174\373}{section.7}% 14
\BOOKMARK [1][-]{section.8}{\376\377\225\356\230\230\0006\377\032\137\072\123\026\133\146\116\140\123\321\134\125\155\101\172\013\116\016\160\355\225\350\173\227\154\325}{}% 15
\BOOKMARK [2][-]{subsection.8.1}{\376\377\137\072\123\026\133\146\116\140\123\321\134\125\123\206\172\013}{section.8}% 16
\BOOKMARK [2][-]{subsection.8.2}{\376\377\160\355\225\350\173\227\154\325\140\073\176\323}{section.8}% 17
\BOOKMARK [1][-]{section.9}{\376\377\225\356\230\230\0007\377\032\000P\000P\000O\173\227\154\325\213\346\211\343\123\312\121\166\127\050\131\047\152\041\127\213\124\016\213\255\176\303\116\055\166\204\136\224\165\050}{}% 18
\BOOKMARK [2][-]{subsection.9.1}{\376\377\000P\000P\000O\173\227\154\325\123\237\164\006}{section.9}% 19
\BOOKMARK [2][-]{subsection.9.2}{\376\377\116\072\116\300\116\110\131\047\152\041\127\213\124\016\213\255\176\303\220\011\142\351\000P\000P\000O}{section.9}% 20
\BOOKMARK [2][-]{subsection.9.3}{\376\377\000R\000L\000H\000F\116\055\166\204\000P\000P\000O\136\224\165\050}{section.9}% 21
