\BOOKMARK [1][-]{section.1}{\376\377\000M\000o\000v\000i\000e\000L\000e\000n\000s\000-\0001\000M\145\160\143\156\226\306\151\202\217\360}{}% 1
\BOOKMARK [2][-]{subsection.1.1}{\376\377\145\160\143\156\226\306\127\372\147\054\117\341\140\157}{section.1}% 2
\BOOKMARK [2][-]{subsection.1.2}{\376\377\123\237\131\313\145\160\143\156\145\207\116\366\213\346\211\343}{section.1}% 3
\BOOKMARK [3][-]{subsubsection.1.2.1}{\376\377\000m\000o\000v\000i\000e\000s\000.\000d\000a\000t\000\040\000-\000\040\165\065\137\161\117\341\140\157}{subsection.1.2}% 4
\BOOKMARK [3][-]{subsubsection.1.2.2}{\376\377\000u\000s\000e\000r\000s\000.\000d\000a\000t\000\040\000-\000\040\165\050\142\067\117\341\140\157}{subsection.1.2}% 5
\BOOKMARK [3][-]{subsubsection.1.2.3}{\376\377\000r\000a\000t\000i\000n\000g\000s\000.\000d\000a\000t\000\040\000-\000\040\213\304\122\006\213\260\137\125}{subsection.1.2}% 6
\BOOKMARK [2][-]{subsection.1.3}{\376\377\145\160\143\156\230\204\131\004\164\006\116\016\122\022\122\006}{section.1}% 7
\BOOKMARK [3][-]{subsubsection.1.3.1}{\376\377\121\267\124\057\122\250\226\010\120\074\213\276\133\232}{subsection.1.3}% 8
\BOOKMARK [3][-]{subsubsection.1.3.2}{\376\377\145\160\143\156\226\306\122\022\122\006}{subsection.1.3}% 9
\BOOKMARK [1][-]{section.2}{\376\377\162\171\137\201\135\345\172\013\213\346\211\343}{}% 10
\BOOKMARK [2][-]{subsection.2.1}{\376\377\162\171\137\201\177\026\170\001\145\271\150\110}{section.2}% 11
\BOOKMARK [3][-]{subsubsection.2.1.1}{\376\377\000O\000n\000e\000-\000h\000o\000t\162\171\137\201\377\010\0006\116\052\377\011}{subsection.2.1}% 12
\BOOKMARK [3][-]{subsubsection.2.1.2}{\376\377\000M\000u\000l\000t\000i\000-\000h\000o\000t\162\171\137\201\377\010\0002\116\052\377\011}{subsection.2.1}% 13
\BOOKMARK [2][-]{subsection.2.2}{\376\377\162\171\137\201\172\172\225\364\213\241\173\227}{section.2}% 14
\BOOKMARK [2][-]{subsection.2.3}{\376\377\145\160\143\156\150\074\137\017\213\364\146\016}{section.2}% 15
\BOOKMARK [3][-]{subsubsection.2.3.1}{\376\377\127\372\170\100\150\074\137\017\377\010\0001\0007\122\027\377\011}{subsection.2.3}% 16
\BOOKMARK [3][-]{subsubsection.2.3.2}{\376\377\136\046\123\206\123\362\117\341\140\157\150\074\137\017\377\010\0001\0009\0007\122\027\377\011}{subsection.2.3}% 17
\BOOKMARK [1][-]{section.3}{\376\377\143\250\203\120\174\373\176\337\227\142\213\325\225\356\230\230\213\346\211\343}{}% 18
\BOOKMARK [2][-]{subsection.3.1}{\376\377\145\160\143\156\226\306\166\370\121\163\225\356\230\230}{section.3}% 19
\BOOKMARK [3][-]{subsubsection.3.1.1}{\376\377\000Q\0001\000:\000\040\116\313\176\315\116\013\145\160\143\156\226\306}{subsection.3.1}% 20
\BOOKMARK [3][-]{subsubsection.3.1.2}{\376\377\000Q\0002\000:\000\040\124\352\116\233\162\171\137\201\120\132\116\206\124\352\116\233\177\026\170\001}{subsection.3.1}% 21
\BOOKMARK [3][-]{subsubsection.3.1.3}{\376\377\000Q\0003\000:\000\040\165\065\137\161\124\015\133\127\140\016\116\110\177\026\170\001\377\014\146\057\133\127\121\170\123\026\166\204\124\027}{subsection.3.1}% 22
\BOOKMARK [3][-]{subsubsection.3.1.4}{\376\377\000Q\0004\000:\000\040\133\127\121\170\131\032\134\021\116\052}{subsection.3.1}% 23
\BOOKMARK [3][-]{subsubsection.3.1.5}{\376\377\000Q\0005\000:\000\040\136\164\237\204\140\016\116\110\177\026\123\367}{subsection.3.1}% 24
\BOOKMARK [2][-]{subsection.3.2}{\376\377\152\041\127\213\147\266\147\204\225\356\230\230}{section.3}% 25
\BOOKMARK [3][-]{subsubsection.3.2.1}{\376\377\000Q\0006\000:\000\040\116\072\116\300\116\110\133\371\000e\000m\000b\000e\000d\000d\000i\000n\000g\120\132\150\257\136\246\116\013\226\115\200\014\116\015\146\057\133\371\165\037\142\020\126\150\123\302\145\160}{subsection.3.2}% 26
\BOOKMARK [3][-]{subsubsection.3.2.2}{\376\377\000Q\0007\000:\000\040\000b\000a\000t\000c\000h\000\137\000a\124\214\000b\000a\000t\000c\000h\000\137\000b\146\057\116\300\116\110\121\163\174\373}{subsection.3.2}% 27
\BOOKMARK [3][-]{subsubsection.3.2.3}{\376\377\000Q\0008\000:\000\040\121\267\124\057\122\250\166\204\147\054\215\050\146\057\116\300\116\110}{subsection.3.2}% 28
\BOOKMARK [3][-]{subsubsection.3.2.4}{\376\377\000Q\0009\000:\000\040\116\072\116\300\116\110\227\000\211\201\000c\000o\000l\000d\000\137\000l\000o\000s\000s\124\214\000w\000a\000r\000m\000\137\000l\000o\000s\000s}{subsection.3.2}% 29
\BOOKMARK [3][-]{subsubsection.3.2.5}{\376\377\000Q\0001\0000\000:\000\040\230\204\155\113\145\366\140\016\116\110\120\132}{subsection.3.2}% 30
\BOOKMARK [2][-]{subsection.3.3}{\376\377\142\200\147\057\176\306\202\202\225\356\230\230}{section.3}% 31
\BOOKMARK [3][-]{subsubsection.3.3.1}{\376\377\000Q\0001\0001\000:\000\040\000W\000\137\000S\000E\000N\000E\000T\123\302\145\160\146\057\116\300\116\110}{subsection.3.3}% 32
\BOOKMARK [3][-]{subsubsection.3.3.2}{\376\377\000Q\0001\0002\000:\000\040\123\273\126\152\152\041\127\127\140\016\116\110\133\236\163\260}{subsection.3.3}% 33
\BOOKMARK [3][-]{subsubsection.3.3.3}{\376\377\000Q\0001\0003\000:\000\040\133\371\153\324\133\146\116\140\140\016\116\110\120\132}{subsection.3.3}% 34
\BOOKMARK [3][-]{subsubsection.3.3.4}{\376\377\000Q\0001\0004\000:\000\040\000G\000A\000U\000C\140\016\116\110\133\236\163\260}{subsection.3.3}% 35
\BOOKMARK [3][-]{subsubsection.3.3.5}{\376\377\000Q\0001\0005\000:\000\040\0005\0001\0002\226\010\120\074\140\016\116\110\147\145\166\204}{subsection.3.3}% 36
\BOOKMARK [2][-]{subsection.3.4}{\376\377\135\345\172\013\133\236\163\260\225\356\230\230}{section.3}% 37
\BOOKMARK [3][-]{subsubsection.3.4.1}{\376\377\000Q\0001\0006\000:\000\040\142\200\147\057\150\010\146\057\116\300\116\110}{subsection.3.4}% 38
\BOOKMARK [3][-]{subsubsection.3.4.2}{\376\377\000Q\0001\0007\000:\000\040\213\255\176\303\145\366\225\364\131\032\116\105}{subsection.3.4}% 39
\BOOKMARK [3][-]{subsubsection.3.4.3}{\376\377\000Q\0001\0008\000:\000\040\116\072\116\300\116\110\124\214\122\053\116\272\230\171\166\356\116\000\150\067}{subsection.3.4}% 40
\BOOKMARK [3][-]{subsubsection.3.4.4}{\376\377\000Q\0001\0009\000:\000\040\131\202\117\125\131\004\164\006\000b\000a\000t\000c\000h\121\205\166\204\131\032\147\141\145\160\143\156}{subsection.3.4}% 41
\BOOKMARK [3][-]{subsubsection.3.4.5}{\376\377\000Q\0002\0000\000:\000\040\145\260\000i\000t\000e\000m\117\341\140\157\116\015\170\156\133\232\140\016\116\110\122\236}{subsection.3.4}% 42
\BOOKMARK [2][-]{subsection.3.5}{\376\377\164\006\213\272\164\006\211\343\225\356\230\230}{section.3}% 43
\BOOKMARK [3][-]{subsubsection.3.5.1}{\376\377\000Q\0002\0001\000:\000\040\000M\000A\000M\000L\124\214\147\054\230\171\166\356\166\204\123\072\122\053}{subsection.3.5}% 44
\BOOKMARK [3][-]{subsubsection.3.5.2}{\376\377\000Q\0002\0002\000:\000\040\116\072\116\300\116\110\226\144\116\345\0002\0000\200\014\116\015\146\057\0002\0001}{subsection.3.5}% 45
\BOOKMARK [3][-]{subsubsection.3.5.3}{\376\377\000Q\0002\0003\000:\000\040\000S\000c\000a\000l\000i\000n\000g\000\040\000L\000a\000w\133\371\143\250\203\120\174\373\176\337\166\204\137\161\124\315}{subsection.3.5}% 46
\BOOKMARK [3][-]{subsubsection.3.5.4}{\376\377\000Q\0002\0004\000:\000\040\116\072\116\300\116\110\165\050\123\206\123\362\165\050\142\067\123\273\126\152}{subsection.3.5}% 47
\BOOKMARK [3][-]{subsubsection.3.5.5}{\376\377\000Q\0002\0005\000:\000\040\230\204\155\113\145\366\154\241\147\011\150\257\136\246\116\013\226\115\147\072\117\032\140\016\116\110\122\236}{subsection.3.5}% 48
\BOOKMARK [1][-]{section.4}{\376\377\140\073\176\323}{}% 49
